Archive member included because of file (symbol)

.\CortexM0\ARM_GCC_473\Debug\Timer_PWM.a(cyfitter_cfg.o)
                              .\CortexM0\ARM_GCC_473\Debug\Cm0Start.o (cyfitter_cfg)
.\CortexM0\ARM_GCC_473\Debug\Timer_PWM.a(PWM_1.o)
                              .\CortexM0\ARM_GCC_473\Debug\main.o (PWM_1_Start)
.\CortexM0\ARM_GCC_473\Debug\Timer_PWM.a(Blue_LED.o)
                              .\CortexM0\ARM_GCC_473\Debug\main.o (Blue_LED_Write)
.\CortexM0\ARM_GCC_473\Debug\Timer_PWM.a(Red_LED.o)
                              .\CortexM0\ARM_GCC_473\Debug\main.o (Red_LED_Write)
.\CortexM0\ARM_GCC_473\Debug\Timer_PWM.a(CyBootAsmGnu.o)
                              .\CortexM0\ARM_GCC_473\Debug\Timer_PWM.a(cyfitter_cfg.o) (CyDelayCycles)
.\CortexM0\ARM_GCC_473\Debug\Timer_PWM.a(CyLib.o)
                              .\CortexM0\ARM_GCC_473\Debug\Timer_PWM.a(cyfitter_cfg.o) (CyDelayUs)
.\CortexM0\ARM_GCC_473\Debug\Timer_PWM.a(blue_isr.o)
                              .\CortexM0\ARM_GCC_473\Debug\main.o (blue_isr_StartEx)
.\CortexM0\ARM_GCC_473\Debug\Timer_PWM.a(red_isr.o)
                              .\CortexM0\ARM_GCC_473\Debug\main.o (red_isr_StartEx)
.\CortexM0\ARM_GCC_473\Debug\Timer_PWM.a(tc_isr.o)
                              .\CortexM0\ARM_GCC_473\Debug\main.o (tc_isr_StartEx)
.\CortexM0\ARM_GCC_473\Debug\Timer_PWM.a(Timer_1.o)
                              .\CortexM0\ARM_GCC_473\Debug\main.o (Timer_1_Start)
.\CortexM0\ARM_GCC_473\Debug\Timer_PWM.a(ms_isr.o)
                              .\CortexM0\ARM_GCC_473\Debug\main.o (ms_isr_StartEx)
c:/program files (x86)/cypress/psoc creator/3.0/psoc creator/import/gnu_cs/arm/4.7.3/bin/../lib/gcc/arm-none-eabi/4.7.3/armv6-m\libgcc.a(_udivsi3.o)
                              .\CortexM0\ARM_GCC_473\Debug\Timer_PWM.a(CyLib.o) (__aeabi_uidiv)
c:/program files (x86)/cypress/psoc creator/3.0/psoc creator/import/gnu_cs/arm/4.7.3/bin/../lib/gcc/arm-none-eabi/4.7.3/armv6-m\libgcc.a(_divsi3.o)
                              .\CortexM0\ARM_GCC_473\Debug\Cm0Start.o (__aeabi_idiv)
c:/program files (x86)/cypress/psoc creator/3.0/psoc creator/import/gnu_cs/arm/4.7.3/bin/../lib/gcc/arm-none-eabi/4.7.3/armv6-m\libgcc.a(_dvmd_tls.o)
                              c:/program files (x86)/cypress/psoc creator/3.0/psoc creator/import/gnu_cs/arm/4.7.3/bin/../lib/gcc/arm-none-eabi/4.7.3/armv6-m\libgcc.a(_udivsi3.o) (__aeabi_idiv0)
c:/program files (x86)/cypress/psoc creator/3.0/psoc creator/import/gnu_cs/arm/4.7.3/bin/../lib/gcc/arm-none-eabi/4.7.3/../../../../arm-none-eabi/lib/armv6-m\libc_s.a(lib_a-__atexit2.o)
                              c:/program files (x86)/cypress/psoc creator/3.0/psoc creator/import/gnu_cs/arm/4.7.3/bin/../lib/gcc/arm-none-eabi/4.7.3/../../../../arm-none-eabi/lib/armv6-m/crt0.o (__register_exitproc)
c:/program files (x86)/cypress/psoc creator/3.0/psoc creator/import/gnu_cs/arm/4.7.3/bin/../lib/gcc/arm-none-eabi/4.7.3/../../../../arm-none-eabi/lib/armv6-m\libc_s.a(lib_a-exit.o)
                              c:/program files (x86)/cypress/psoc creator/3.0/psoc creator/import/gnu_cs/arm/4.7.3/bin/../lib/gcc/arm-none-eabi/4.7.3/../../../../arm-none-eabi/lib/armv6-m/crt0.o (exit)
c:/program files (x86)/cypress/psoc creator/3.0/psoc creator/import/gnu_cs/arm/4.7.3/bin/../lib/gcc/arm-none-eabi/4.7.3/../../../../arm-none-eabi/lib/armv6-m\libc_s.a(lib_a-fini.o)
                              c:/program files (x86)/cypress/psoc creator/3.0/psoc creator/import/gnu_cs/arm/4.7.3/bin/../lib/gcc/arm-none-eabi/4.7.3/../../../../arm-none-eabi/lib/armv6-m/crt0.o (__libc_fini_array)
c:/program files (x86)/cypress/psoc creator/3.0/psoc creator/import/gnu_cs/arm/4.7.3/bin/../lib/gcc/arm-none-eabi/4.7.3/../../../../arm-none-eabi/lib/armv6-m\libc_s.a(lib_a-impure.o)
                              c:/program files (x86)/cypress/psoc creator/3.0/psoc creator/import/gnu_cs/arm/4.7.3/bin/../lib/gcc/arm-none-eabi/4.7.3/../../../../arm-none-eabi/lib/armv6-m\libc_s.a(lib_a-exit.o) (_global_impure_ptr)
c:/program files (x86)/cypress/psoc creator/3.0/psoc creator/import/gnu_cs/arm/4.7.3/bin/../lib/gcc/arm-none-eabi/4.7.3/../../../../arm-none-eabi/lib/armv6-m\libc_s.a(lib_a-init.o)
                              c:/program files (x86)/cypress/psoc creator/3.0/psoc creator/import/gnu_cs/arm/4.7.3/bin/../lib/gcc/arm-none-eabi/4.7.3/../../../../arm-none-eabi/lib/armv6-m/crt0.o (__libc_init_array)
c:/program files (x86)/cypress/psoc creator/3.0/psoc creator/import/gnu_cs/arm/4.7.3/bin/../lib/gcc/arm-none-eabi/4.7.3/../../../../arm-none-eabi/lib/armv6-m\libc_s.a(lib_a-memcpy.o)
                              .\CortexM0\ARM_GCC_473\Debug\Timer_PWM.a(cyfitter_cfg.o) (memcpy)
c:/program files (x86)/cypress/psoc creator/3.0/psoc creator/import/gnu_cs/arm/4.7.3/bin/../lib/gcc/arm-none-eabi/4.7.3/../../../../arm-none-eabi/lib/armv6-m\libc_s.a(lib_a-memset.o)
                              c:/program files (x86)/cypress/psoc creator/3.0/psoc creator/import/gnu_cs/arm/4.7.3/bin/../lib/gcc/arm-none-eabi/4.7.3/../../../../arm-none-eabi/lib/armv6-m/crt0.o (memset)

Discarded input sections

 .text          0x00000000        0x0 c:/program files (x86)/cypress/psoc creator/3.0/psoc creator/import/gnu_cs/arm/4.7.3/bin/../lib/gcc/arm-none-eabi/4.7.3/armv6-m/crti.o
 .data          0x00000000        0x0 c:/program files (x86)/cypress/psoc creator/3.0/psoc creator/import/gnu_cs/arm/4.7.3/bin/../lib/gcc/arm-none-eabi/4.7.3/armv6-m/crti.o
 .bss           0x00000000        0x0 c:/program files (x86)/cypress/psoc creator/3.0/psoc creator/import/gnu_cs/arm/4.7.3/bin/../lib/gcc/arm-none-eabi/4.7.3/armv6-m/crti.o
 .data          0x00000000        0x4 c:/program files (x86)/cypress/psoc creator/3.0/psoc creator/import/gnu_cs/arm/4.7.3/bin/../lib/gcc/arm-none-eabi/4.7.3/armv6-m/crtbegin.o
 .text          0x00000000       0x74 c:/program files (x86)/cypress/psoc creator/3.0/psoc creator/import/gnu_cs/arm/4.7.3/bin/../lib/gcc/arm-none-eabi/4.7.3/../../../../arm-none-eabi/lib/armv6-m/crt0.o
 .data          0x00000000        0x0 c:/program files (x86)/cypress/psoc creator/3.0/psoc creator/import/gnu_cs/arm/4.7.3/bin/../lib/gcc/arm-none-eabi/4.7.3/../../../../arm-none-eabi/lib/armv6-m/crt0.o
 .bss           0x00000000        0x0 c:/program files (x86)/cypress/psoc creator/3.0/psoc creator/import/gnu_cs/arm/4.7.3/bin/../lib/gcc/arm-none-eabi/4.7.3/../../../../arm-none-eabi/lib/armv6-m/crt0.o
 .ARM.extab     0x00000000        0x0 c:/program files (x86)/cypress/psoc creator/3.0/psoc creator/import/gnu_cs/arm/4.7.3/bin/../lib/gcc/arm-none-eabi/4.7.3/../../../../arm-none-eabi/lib/armv6-m/crt0.o
 .ARM.exidx     0x00000000        0x8 c:/program files (x86)/cypress/psoc creator/3.0/psoc creator/import/gnu_cs/arm/4.7.3/bin/../lib/gcc/arm-none-eabi/4.7.3/../../../../arm-none-eabi/lib/armv6-m/crt0.o
 .text          0x00000000        0x0 .\CortexM0\ARM_GCC_473\Debug\main.o
 .bss           0x00000000        0x4 .\CortexM0\ARM_GCC_473\Debug\main.o
 .text          0x00000000        0x0 .\CortexM0\ARM_GCC_473\Debug\cymetadata.o
 .data          0x00000000        0x0 .\CortexM0\ARM_GCC_473\Debug\cymetadata.o
 .bss           0x00000000        0x0 .\CortexM0\ARM_GCC_473\Debug\cymetadata.o
 .text          0x00000000        0x0 .\CortexM0\ARM_GCC_473\Debug\Cm0Start.o
 .data          0x00000000        0x0 .\CortexM0\ARM_GCC_473\Debug\Cm0Start.o
 .bss           0x00000000        0x0 .\CortexM0\ARM_GCC_473\Debug\Cm0Start.o
 .text._exit    0x00000000       0x28 .\CortexM0\ARM_GCC_473\Debug\Cm0Start.o
 .text          0x00000000        0x0 .\CortexM0\ARM_GCC_473\Debug\Timer_PWM.a(cyfitter_cfg.o)
 .bss           0x00000000        0x0 .\CortexM0\ARM_GCC_473\Debug\Timer_PWM.a(cyfitter_cfg.o)
 .text.CYCONFIGCPY
                0x00000000       0x24 .\CortexM0\ARM_GCC_473\Debug\Timer_PWM.a(cyfitter_cfg.o)
 .text.CYCONFIGCPYCODE
                0x00000000       0x24 .\CortexM0\ARM_GCC_473\Debug\Timer_PWM.a(cyfitter_cfg.o)
 .text          0x00000000        0x0 .\CortexM0\ARM_GCC_473\Debug\Timer_PWM.a(PWM_1.o)
 .data          0x00000000        0x0 .\CortexM0\ARM_GCC_473\Debug\Timer_PWM.a(PWM_1.o)
 .text.PWM_1_Stop
                0x00000000       0x1c .\CortexM0\ARM_GCC_473\Debug\Timer_PWM.a(PWM_1.o)
 .text.PWM_1_ReadCounter
                0x00000000       0x1c .\CortexM0\ARM_GCC_473\Debug\Timer_PWM.a(PWM_1.o)
 .text.PWM_1_ReadControlRegister
                0x00000000       0x20 .\CortexM0\ARM_GCC_473\Debug\Timer_PWM.a(PWM_1.o)
 .text.PWM_1_WriteControlRegister
                0x00000000       0x20 .\CortexM0\ARM_GCC_473\Debug\Timer_PWM.a(PWM_1.o)
 .text.PWM_1_ReadCompare1
                0x00000000       0x14 .\CortexM0\ARM_GCC_473\Debug\Timer_PWM.a(PWM_1.o)
 .text.PWM_1_ReadCompare2
                0x00000000       0x14 .\CortexM0\ARM_GCC_473\Debug\Timer_PWM.a(PWM_1.o)
 .text.PWM_1_ReadPeriod
                0x00000000       0x14 .\CortexM0\ARM_GCC_473\Debug\Timer_PWM.a(PWM_1.o)
 .text          0x00000000        0x0 .\CortexM0\ARM_GCC_473\Debug\Timer_PWM.a(Blue_LED.o)
 .data          0x00000000        0x0 .\CortexM0\ARM_GCC_473\Debug\Timer_PWM.a(Blue_LED.o)
 .bss           0x00000000        0x0 .\CortexM0\ARM_GCC_473\Debug\Timer_PWM.a(Blue_LED.o)
 .text.Blue_LED_SetDriveMode
                0x00000000       0x30 .\CortexM0\ARM_GCC_473\Debug\Timer_PWM.a(Blue_LED.o)
 .text.Blue_LED_Read
                0x00000000       0x1c .\CortexM0\ARM_GCC_473\Debug\Timer_PWM.a(Blue_LED.o)
 .text.Blue_LED_ReadDataReg
                0x00000000       0x1c .\CortexM0\ARM_GCC_473\Debug\Timer_PWM.a(Blue_LED.o)
 .text.Blue_LED_ClearInterrupt
                0x00000000       0x30 .\CortexM0\ARM_GCC_473\Debug\Timer_PWM.a(Blue_LED.o)
 .text          0x00000000        0x0 .\CortexM0\ARM_GCC_473\Debug\Timer_PWM.a(Red_LED.o)
 .data          0x00000000        0x0 .\CortexM0\ARM_GCC_473\Debug\Timer_PWM.a(Red_LED.o)
 .bss           0x00000000        0x0 .\CortexM0\ARM_GCC_473\Debug\Timer_PWM.a(Red_LED.o)
 .text.Red_LED_SetDriveMode
                0x00000000       0x30 .\CortexM0\ARM_GCC_473\Debug\Timer_PWM.a(Red_LED.o)
 .text.Red_LED_Read
                0x00000000       0x1c .\CortexM0\ARM_GCC_473\Debug\Timer_PWM.a(Red_LED.o)
 .text.Red_LED_ReadDataReg
                0x00000000       0x1c .\CortexM0\ARM_GCC_473\Debug\Timer_PWM.a(Red_LED.o)
 .text.Red_LED_ClearInterrupt
                0x00000000       0x30 .\CortexM0\ARM_GCC_473\Debug\Timer_PWM.a(Red_LED.o)
 .data          0x00000000        0x0 .\CortexM0\ARM_GCC_473\Debug\Timer_PWM.a(CyBootAsmGnu.o)
 .bss           0x00000000        0x0 .\CortexM0\ARM_GCC_473\Debug\Timer_PWM.a(CyBootAsmGnu.o)
 .text          0x00000000        0x0 .\CortexM0\ARM_GCC_473\Debug\Timer_PWM.a(CyLib.o)
 .bss           0x00000000        0x0 .\CortexM0\ARM_GCC_473\Debug\Timer_PWM.a(CyLib.o)
 .text.CySysClkImoStart
                0x00000000       0x1c .\CortexM0\ARM_GCC_473\Debug\Timer_PWM.a(CyLib.o)
 .text.CySysClkImoStop
                0x00000000       0x18 .\CortexM0\ARM_GCC_473\Debug\Timer_PWM.a(CyLib.o)
 .text.CySysClkIloStart
                0x00000000       0x1c .\CortexM0\ARM_GCC_473\Debug\Timer_PWM.a(CyLib.o)
 .text.CySysClkIloStop
                0x00000000       0x18 .\CortexM0\ARM_GCC_473\Debug\Timer_PWM.a(CyLib.o)
 .text.CySysClkWriteHfclkDirect
                0x00000000       0x2c .\CortexM0\ARM_GCC_473\Debug\Timer_PWM.a(CyLib.o)
 .text.CySysClkWriteSysclkDiv
                0x00000000       0x2c .\CortexM0\ARM_GCC_473\Debug\Timer_PWM.a(CyLib.o)
 .text.CySysClkWriteImoFreq
                0x00000000      0x200 .\CortexM0\ARM_GCC_473\Debug\Timer_PWM.a(CyLib.o)
 .text.CySysWdtLock
                0x00000000       0x44 .\CortexM0\ARM_GCC_473\Debug\Timer_PWM.a(CyLib.o)
 .text.CySysWdtUnlock
                0x00000000       0x5c .\CortexM0\ARM_GCC_473\Debug\Timer_PWM.a(CyLib.o)
 .text.CySysWdtReadEnabledStatus
                0x00000000       0x30 .\CortexM0\ARM_GCC_473\Debug\Timer_PWM.a(CyLib.o)
 .text.CySysWdtWriteMode
                0x00000000       0x70 .\CortexM0\ARM_GCC_473\Debug\Timer_PWM.a(CyLib.o)
 .text.CySysWdtReadMode
                0x00000000       0x24 .\CortexM0\ARM_GCC_473\Debug\Timer_PWM.a(CyLib.o)
 .text.CySysWdtWriteClearOnMatch
                0x00000000       0x68 .\CortexM0\ARM_GCC_473\Debug\Timer_PWM.a(CyLib.o)
 .text.CySysWdtReadClearOnMatch
                0x00000000       0x40 .\CortexM0\ARM_GCC_473\Debug\Timer_PWM.a(CyLib.o)
 .text.CySysWdtEnable
                0x00000000       0x30 .\CortexM0\ARM_GCC_473\Debug\Timer_PWM.a(CyLib.o)
 .text.CySysWdtDisable
                0x00000000       0x30 .\CortexM0\ARM_GCC_473\Debug\Timer_PWM.a(CyLib.o)
 .text.CySysWdtWriteCascade
                0x00000000       0x68 .\CortexM0\ARM_GCC_473\Debug\Timer_PWM.a(CyLib.o)
 .text.CySysWdtReadCascade
                0x00000000       0x1c .\CortexM0\ARM_GCC_473\Debug\Timer_PWM.a(CyLib.o)
 .text.CySysWdtWriteMatch
                0x00000000       0x74 .\CortexM0\ARM_GCC_473\Debug\Timer_PWM.a(CyLib.o)
 .text.CySysWdtWriteToggleBit
                0x00000000       0x54 .\CortexM0\ARM_GCC_473\Debug\Timer_PWM.a(CyLib.o)
 .text.CySysWdtReadToggleBit
                0x00000000       0x18 .\CortexM0\ARM_GCC_473\Debug\Timer_PWM.a(CyLib.o)
 .text.CySysWdtReadMatch
                0x00000000       0x44 .\CortexM0\ARM_GCC_473\Debug\Timer_PWM.a(CyLib.o)
 .text.CySysWdtReadCount
                0x00000000       0x54 .\CortexM0\ARM_GCC_473\Debug\Timer_PWM.a(CyLib.o)
 .text.CySysWdtGetInterruptSource
                0x00000000       0x1c .\CortexM0\ARM_GCC_473\Debug\Timer_PWM.a(CyLib.o)
 .text.CySysWdtClearInterrupt
                0x00000000       0xac .\CortexM0\ARM_GCC_473\Debug\Timer_PWM.a(CyLib.o)
 .text.CySysWdtResetCounters
                0x00000000       0x38 .\CortexM0\ARM_GCC_473\Debug\Timer_PWM.a(CyLib.o)
 .text.CySysLvdEnable
                0x00000000       0x48 .\CortexM0\ARM_GCC_473\Debug\Timer_PWM.a(CyLib.o)
 .text.CySysLvdDisable
                0x00000000       0x28 .\CortexM0\ARM_GCC_473\Debug\Timer_PWM.a(CyLib.o)
 .text.CySysLvdGetInterruptSource
                0x00000000       0x18 .\CortexM0\ARM_GCC_473\Debug\Timer_PWM.a(CyLib.o)
 .text.CySysLvdClearInterrupt
                0x00000000       0x14 .\CortexM0\ARM_GCC_473\Debug\Timer_PWM.a(CyLib.o)
 .text.CyDisableInts
                0x00000000       0x24 .\CortexM0\ARM_GCC_473\Debug\Timer_PWM.a(CyLib.o)
 .text.CyEnableInts
                0x00000000       0x18 .\CortexM0\ARM_GCC_473\Debug\Timer_PWM.a(CyLib.o)
 .text.CyIntSetSysVector
                0x00000000       0x48 .\CortexM0\ARM_GCC_473\Debug\Timer_PWM.a(CyLib.o)
 .text.CyIntGetSysVector
                0x00000000       0x34 .\CortexM0\ARM_GCC_473\Debug\Timer_PWM.a(CyLib.o)
 .text.CyIntSetVector
                0x00000000       0x4c .\CortexM0\ARM_GCC_473\Debug\Timer_PWM.a(CyLib.o)
 .text.CyIntGetVector
                0x00000000       0x38 .\CortexM0\ARM_GCC_473\Debug\Timer_PWM.a(CyLib.o)
 .text.CyIntSetPriority
                0x00000000       0xa8 .\CortexM0\ARM_GCC_473\Debug\Timer_PWM.a(CyLib.o)
 .text.CyIntGetPriority
                0x00000000       0x58 .\CortexM0\ARM_GCC_473\Debug\Timer_PWM.a(CyLib.o)
 .text.CyIntEnable
                0x00000000       0x2c .\CortexM0\ARM_GCC_473\Debug\Timer_PWM.a(CyLib.o)
 .text.CyIntGetState
                0x00000000       0x34 .\CortexM0\ARM_GCC_473\Debug\Timer_PWM.a(CyLib.o)
 .text.CyIntDisable
                0x00000000       0x2c .\CortexM0\ARM_GCC_473\Debug\Timer_PWM.a(CyLib.o)
 .text.CyIntSetPending
                0x00000000       0x2c .\CortexM0\ARM_GCC_473\Debug\Timer_PWM.a(CyLib.o)
 .text.CyIntClearPending
                0x00000000       0x2c .\CortexM0\ARM_GCC_473\Debug\Timer_PWM.a(CyLib.o)
 .text.CyHalt   0x00000000       0x14 .\CortexM0\ARM_GCC_473\Debug\Timer_PWM.a(CyLib.o)
 .text.CySoftwareReset
                0x00000000       0x20 .\CortexM0\ARM_GCC_473\Debug\Timer_PWM.a(CyLib.o)
 .text.CyDelay  0x00000000       0x48 .\CortexM0\ARM_GCC_473\Debug\Timer_PWM.a(CyLib.o)
 .text.CyDelayFreq
                0x00000000       0x80 .\CortexM0\ARM_GCC_473\Debug\Timer_PWM.a(CyLib.o)
 .rodata        0x00000000       0x30 .\CortexM0\ARM_GCC_473\Debug\Timer_PWM.a(CyLib.o)
 .text          0x00000000        0x0 .\CortexM0\ARM_GCC_473\Debug\Timer_PWM.a(blue_isr.o)
 .data          0x00000000        0x0 .\CortexM0\ARM_GCC_473\Debug\Timer_PWM.a(blue_isr.o)
 .bss           0x00000000        0x0 .\CortexM0\ARM_GCC_473\Debug\Timer_PWM.a(blue_isr.o)
 .text.blue_isr_Start
                0x00000000       0x24 .\CortexM0\ARM_GCC_473\Debug\Timer_PWM.a(blue_isr.o)
 .text.blue_isr_Stop
                0x00000000       0x18 .\CortexM0\ARM_GCC_473\Debug\Timer_PWM.a(blue_isr.o)
 .text.blue_isr_Interrupt
                0x00000000        0x8 .\CortexM0\ARM_GCC_473\Debug\Timer_PWM.a(blue_isr.o)
 .text.blue_isr_GetVector
                0x00000000       0x14 .\CortexM0\ARM_GCC_473\Debug\Timer_PWM.a(blue_isr.o)
 .text.blue_isr_GetPriority
                0x00000000       0x2c .\CortexM0\ARM_GCC_473\Debug\Timer_PWM.a(blue_isr.o)
 .text.blue_isr_GetState
                0x00000000       0x1c .\CortexM0\ARM_GCC_473\Debug\Timer_PWM.a(blue_isr.o)
 .text.blue_isr_SetPending
                0x00000000       0x14 .\CortexM0\ARM_GCC_473\Debug\Timer_PWM.a(blue_isr.o)
 .text.blue_isr_ClearPending
                0x00000000       0x14 .\CortexM0\ARM_GCC_473\Debug\Timer_PWM.a(blue_isr.o)
 .text          0x00000000        0x0 .\CortexM0\ARM_GCC_473\Debug\Timer_PWM.a(red_isr.o)
 .data          0x00000000        0x0 .\CortexM0\ARM_GCC_473\Debug\Timer_PWM.a(red_isr.o)
 .bss           0x00000000        0x0 .\CortexM0\ARM_GCC_473\Debug\Timer_PWM.a(red_isr.o)
 .text.red_isr_Start
                0x00000000       0x24 .\CortexM0\ARM_GCC_473\Debug\Timer_PWM.a(red_isr.o)
 .text.red_isr_Stop
                0x00000000       0x18 .\CortexM0\ARM_GCC_473\Debug\Timer_PWM.a(red_isr.o)
 .text.red_isr_Interrupt
                0x00000000        0x8 .\CortexM0\ARM_GCC_473\Debug\Timer_PWM.a(red_isr.o)
 .text.red_isr_GetVector
                0x00000000       0x14 .\CortexM0\ARM_GCC_473\Debug\Timer_PWM.a(red_isr.o)
 .text.red_isr_GetPriority
                0x00000000       0x2c .\CortexM0\ARM_GCC_473\Debug\Timer_PWM.a(red_isr.o)
 .text.red_isr_GetState
                0x00000000       0x20 .\CortexM0\ARM_GCC_473\Debug\Timer_PWM.a(red_isr.o)
 .text.red_isr_SetPending
                0x00000000       0x14 .\CortexM0\ARM_GCC_473\Debug\Timer_PWM.a(red_isr.o)
 .text.red_isr_ClearPending
                0x00000000       0x14 .\CortexM0\ARM_GCC_473\Debug\Timer_PWM.a(red_isr.o)
 .text          0x00000000        0x0 .\CortexM0\ARM_GCC_473\Debug\Timer_PWM.a(tc_isr.o)
 .data          0x00000000        0x0 .\CortexM0\ARM_GCC_473\Debug\Timer_PWM.a(tc_isr.o)
 .bss           0x00000000        0x0 .\CortexM0\ARM_GCC_473\Debug\Timer_PWM.a(tc_isr.o)
 .text.tc_isr_Start
                0x00000000       0x24 .\CortexM0\ARM_GCC_473\Debug\Timer_PWM.a(tc_isr.o)
 .text.tc_isr_Stop
                0x00000000       0x18 .\CortexM0\ARM_GCC_473\Debug\Timer_PWM.a(tc_isr.o)
 .text.tc_isr_Interrupt
                0x00000000        0x8 .\CortexM0\ARM_GCC_473\Debug\Timer_PWM.a(tc_isr.o)
 .text.tc_isr_GetVector
                0x00000000       0x14 .\CortexM0\ARM_GCC_473\Debug\Timer_PWM.a(tc_isr.o)
 .text.tc_isr_GetPriority
                0x00000000       0x2c .\CortexM0\ARM_GCC_473\Debug\Timer_PWM.a(tc_isr.o)
 .text.tc_isr_GetState
                0x00000000       0x20 .\CortexM0\ARM_GCC_473\Debug\Timer_PWM.a(tc_isr.o)
 .text.tc_isr_SetPending
                0x00000000       0x14 .\CortexM0\ARM_GCC_473\Debug\Timer_PWM.a(tc_isr.o)
 .text.tc_isr_ClearPending
                0x00000000       0x14 .\CortexM0\ARM_GCC_473\Debug\Timer_PWM.a(tc_isr.o)
 .text          0x00000000        0x0 .\CortexM0\ARM_GCC_473\Debug\Timer_PWM.a(Timer_1.o)
 .data          0x00000000        0x0 .\CortexM0\ARM_GCC_473\Debug\Timer_PWM.a(Timer_1.o)
 .text.Timer_1_Stop
                0x00000000       0x1c .\CortexM0\ARM_GCC_473\Debug\Timer_PWM.a(Timer_1.o)
 .text.Timer_1_SoftwareCapture
                0x00000000       0x10 .\CortexM0\ARM_GCC_473\Debug\Timer_PWM.a(Timer_1.o)
 .text.Timer_1_ReadControlRegister
                0x00000000       0x14 .\CortexM0\ARM_GCC_473\Debug\Timer_PWM.a(Timer_1.o)
 .text.Timer_1_WriteControlRegister
                0x00000000       0x20 .\CortexM0\ARM_GCC_473\Debug\Timer_PWM.a(Timer_1.o)
 .text.Timer_1_ReadPeriod
                0x00000000       0x14 .\CortexM0\ARM_GCC_473\Debug\Timer_PWM.a(Timer_1.o)
 .text.Timer_1_ReadCounter
                0x00000000       0x1c .\CortexM0\ARM_GCC_473\Debug\Timer_PWM.a(Timer_1.o)
 .text          0x00000000        0x0 .\CortexM0\ARM_GCC_473\Debug\Timer_PWM.a(ms_isr.o)
 .data          0x00000000        0x0 .\CortexM0\ARM_GCC_473\Debug\Timer_PWM.a(ms_isr.o)
 .bss           0x00000000        0x0 .\CortexM0\ARM_GCC_473\Debug\Timer_PWM.a(ms_isr.o)
 .text.ms_isr_Start
                0x00000000       0x24 .\CortexM0\ARM_GCC_473\Debug\Timer_PWM.a(ms_isr.o)
 .text.ms_isr_Stop
                0x00000000       0x18 .\CortexM0\ARM_GCC_473\Debug\Timer_PWM.a(ms_isr.o)
 .text.ms_isr_Interrupt
                0x00000000        0x8 .\CortexM0\ARM_GCC_473\Debug\Timer_PWM.a(ms_isr.o)
 .text.ms_isr_GetVector
                0x00000000       0x14 .\CortexM0\ARM_GCC_473\Debug\Timer_PWM.a(ms_isr.o)
 .text.ms_isr_GetPriority
                0x00000000       0x30 .\CortexM0\ARM_GCC_473\Debug\Timer_PWM.a(ms_isr.o)
 .text.ms_isr_GetState
                0x00000000       0x20 .\CortexM0\ARM_GCC_473\Debug\Timer_PWM.a(ms_isr.o)
 .text.ms_isr_SetPending
                0x00000000       0x14 .\CortexM0\ARM_GCC_473\Debug\Timer_PWM.a(ms_isr.o)
 .text.ms_isr_ClearPending
                0x00000000       0x14 .\CortexM0\ARM_GCC_473\Debug\Timer_PWM.a(ms_isr.o)
 .text          0x00000000       0x9c c:/program files (x86)/cypress/psoc creator/3.0/psoc creator/import/gnu_cs/arm/4.7.3/bin/../lib/gcc/arm-none-eabi/4.7.3/armv6-m\libgcc.a(_udivsi3.o)
 .data          0x00000000        0x0 c:/program files (x86)/cypress/psoc creator/3.0/psoc creator/import/gnu_cs/arm/4.7.3/bin/../lib/gcc/arm-none-eabi/4.7.3/armv6-m\libgcc.a(_udivsi3.o)
 .bss           0x00000000        0x0 c:/program files (x86)/cypress/psoc creator/3.0/psoc creator/import/gnu_cs/arm/4.7.3/bin/../lib/gcc/arm-none-eabi/4.7.3/armv6-m\libgcc.a(_udivsi3.o)
 .text          0x00000000       0xc0 c:/program files (x86)/cypress/psoc creator/3.0/psoc creator/import/gnu_cs/arm/4.7.3/bin/../lib/gcc/arm-none-eabi/4.7.3/armv6-m\libgcc.a(_divsi3.o)
 .data          0x00000000        0x0 c:/program files (x86)/cypress/psoc creator/3.0/psoc creator/import/gnu_cs/arm/4.7.3/bin/../lib/gcc/arm-none-eabi/4.7.3/armv6-m\libgcc.a(_divsi3.o)
 .bss           0x00000000        0x0 c:/program files (x86)/cypress/psoc creator/3.0/psoc creator/import/gnu_cs/arm/4.7.3/bin/../lib/gcc/arm-none-eabi/4.7.3/armv6-m\libgcc.a(_divsi3.o)
 .text          0x00000000        0x4 c:/program files (x86)/cypress/psoc creator/3.0/psoc creator/import/gnu_cs/arm/4.7.3/bin/../lib/gcc/arm-none-eabi/4.7.3/armv6-m\libgcc.a(_dvmd_tls.o)
 .data          0x00000000        0x0 c:/program files (x86)/cypress/psoc creator/3.0/psoc creator/import/gnu_cs/arm/4.7.3/bin/../lib/gcc/arm-none-eabi/4.7.3/armv6-m\libgcc.a(_dvmd_tls.o)
 .bss           0x00000000        0x0 c:/program files (x86)/cypress/psoc creator/3.0/psoc creator/import/gnu_cs/arm/4.7.3/bin/../lib/gcc/arm-none-eabi/4.7.3/armv6-m\libgcc.a(_dvmd_tls.o)
 .text          0x00000000        0x0 c:/program files (x86)/cypress/psoc creator/3.0/psoc creator/import/gnu_cs/arm/4.7.3/bin/../lib/gcc/arm-none-eabi/4.7.3/../../../../arm-none-eabi/lib/armv6-m\libc_s.a(lib_a-__atexit2.o)
 .data          0x00000000        0x0 c:/program files (x86)/cypress/psoc creator/3.0/psoc creator/import/gnu_cs/arm/4.7.3/bin/../lib/gcc/arm-none-eabi/4.7.3/../../../../arm-none-eabi/lib/armv6-m\libc_s.a(lib_a-__atexit2.o)
 .bss           0x00000000        0x0 c:/program files (x86)/cypress/psoc creator/3.0/psoc creator/import/gnu_cs/arm/4.7.3/bin/../lib/gcc/arm-none-eabi/4.7.3/../../../../arm-none-eabi/lib/armv6-m\libc_s.a(lib_a-__atexit2.o)
 .text.__register_exitproc
                0x00000000       0x18 c:/program files (x86)/cypress/psoc creator/3.0/psoc creator/import/gnu_cs/arm/4.7.3/bin/../lib/gcc/arm-none-eabi/4.7.3/../../../../arm-none-eabi/lib/armv6-m\libc_s.a(lib_a-__atexit2.o)
 .text          0x00000000        0x0 c:/program files (x86)/cypress/psoc creator/3.0/psoc creator/import/gnu_cs/arm/4.7.3/bin/../lib/gcc/arm-none-eabi/4.7.3/../../../../arm-none-eabi/lib/armv6-m\libc_s.a(lib_a-exit.o)
 .data          0x00000000        0x0 c:/program files (x86)/cypress/psoc creator/3.0/psoc creator/import/gnu_cs/arm/4.7.3/bin/../lib/gcc/arm-none-eabi/4.7.3/../../../../arm-none-eabi/lib/armv6-m\libc_s.a(lib_a-exit.o)
 .bss           0x00000000        0x0 c:/program files (x86)/cypress/psoc creator/3.0/psoc creator/import/gnu_cs/arm/4.7.3/bin/../lib/gcc/arm-none-eabi/4.7.3/../../../../arm-none-eabi/lib/armv6-m\libc_s.a(lib_a-exit.o)
 .text.exit     0x00000000       0x30 c:/program files (x86)/cypress/psoc creator/3.0/psoc creator/import/gnu_cs/arm/4.7.3/bin/../lib/gcc/arm-none-eabi/4.7.3/../../../../arm-none-eabi/lib/armv6-m\libc_s.a(lib_a-exit.o)
 .text          0x00000000        0x0 c:/program files (x86)/cypress/psoc creator/3.0/psoc creator/import/gnu_cs/arm/4.7.3/bin/../lib/gcc/arm-none-eabi/4.7.3/../../../../arm-none-eabi/lib/armv6-m\libc_s.a(lib_a-fini.o)
 .data          0x00000000        0x0 c:/program files (x86)/cypress/psoc creator/3.0/psoc creator/import/gnu_cs/arm/4.7.3/bin/../lib/gcc/arm-none-eabi/4.7.3/../../../../arm-none-eabi/lib/armv6-m\libc_s.a(lib_a-fini.o)
 .bss           0x00000000        0x0 c:/program files (x86)/cypress/psoc creator/3.0/psoc creator/import/gnu_cs/arm/4.7.3/bin/../lib/gcc/arm-none-eabi/4.7.3/../../../../arm-none-eabi/lib/armv6-m\libc_s.a(lib_a-fini.o)
 .text.__libc_fini_array
                0x00000000       0x2c c:/program files (x86)/cypress/psoc creator/3.0/psoc creator/import/gnu_cs/arm/4.7.3/bin/../lib/gcc/arm-none-eabi/4.7.3/../../../../arm-none-eabi/lib/armv6-m\libc_s.a(lib_a-fini.o)
 .text          0x00000000        0x0 c:/program files (x86)/cypress/psoc creator/3.0/psoc creator/import/gnu_cs/arm/4.7.3/bin/../lib/gcc/arm-none-eabi/4.7.3/../../../../arm-none-eabi/lib/armv6-m\libc_s.a(lib_a-impure.o)
 .data          0x00000000        0x0 c:/program files (x86)/cypress/psoc creator/3.0/psoc creator/import/gnu_cs/arm/4.7.3/bin/../lib/gcc/arm-none-eabi/4.7.3/../../../../arm-none-eabi/lib/armv6-m\libc_s.a(lib_a-impure.o)
 .bss           0x00000000        0x0 c:/program files (x86)/cypress/psoc creator/3.0/psoc creator/import/gnu_cs/arm/4.7.3/bin/../lib/gcc/arm-none-eabi/4.7.3/../../../../arm-none-eabi/lib/armv6-m\libc_s.a(lib_a-impure.o)
 .data.impure_data
                0x00000000       0x64 c:/program files (x86)/cypress/psoc creator/3.0/psoc creator/import/gnu_cs/arm/4.7.3/bin/../lib/gcc/arm-none-eabi/4.7.3/../../../../arm-none-eabi/lib/armv6-m\libc_s.a(lib_a-impure.o)
 .data._impure_ptr
                0x00000000        0x4 c:/program files (x86)/cypress/psoc creator/3.0/psoc creator/import/gnu_cs/arm/4.7.3/bin/../lib/gcc/arm-none-eabi/4.7.3/../../../../arm-none-eabi/lib/armv6-m\libc_s.a(lib_a-impure.o)
 .rodata.str1.1
                0x00000000        0x2 c:/program files (x86)/cypress/psoc creator/3.0/psoc creator/import/gnu_cs/arm/4.7.3/bin/../lib/gcc/arm-none-eabi/4.7.3/../../../../arm-none-eabi/lib/armv6-m\libc_s.a(lib_a-impure.o)
 .rodata._global_impure_ptr
                0x00000000        0x4 c:/program files (x86)/cypress/psoc creator/3.0/psoc creator/import/gnu_cs/arm/4.7.3/bin/../lib/gcc/arm-none-eabi/4.7.3/../../../../arm-none-eabi/lib/armv6-m\libc_s.a(lib_a-impure.o)
 .text          0x00000000        0x0 c:/program files (x86)/cypress/psoc creator/3.0/psoc creator/import/gnu_cs/arm/4.7.3/bin/../lib/gcc/arm-none-eabi/4.7.3/../../../../arm-none-eabi/lib/armv6-m\libc_s.a(lib_a-init.o)
 .data          0x00000000        0x0 c:/program files (x86)/cypress/psoc creator/3.0/psoc creator/import/gnu_cs/arm/4.7.3/bin/../lib/gcc/arm-none-eabi/4.7.3/../../../../arm-none-eabi/lib/armv6-m\libc_s.a(lib_a-init.o)
 .bss           0x00000000        0x0 c:/program files (x86)/cypress/psoc creator/3.0/psoc creator/import/gnu_cs/arm/4.7.3/bin/../lib/gcc/arm-none-eabi/4.7.3/../../../../arm-none-eabi/lib/armv6-m\libc_s.a(lib_a-init.o)
 .text          0x00000000        0x0 c:/program files (x86)/cypress/psoc creator/3.0/psoc creator/import/gnu_cs/arm/4.7.3/bin/../lib/gcc/arm-none-eabi/4.7.3/../../../../arm-none-eabi/lib/armv6-m\libc_s.a(lib_a-memcpy.o)
 .data          0x00000000        0x0 c:/program files (x86)/cypress/psoc creator/3.0/psoc creator/import/gnu_cs/arm/4.7.3/bin/../lib/gcc/arm-none-eabi/4.7.3/../../../../arm-none-eabi/lib/armv6-m\libc_s.a(lib_a-memcpy.o)
 .bss           0x00000000        0x0 c:/program files (x86)/cypress/psoc creator/3.0/psoc creator/import/gnu_cs/arm/4.7.3/bin/../lib/gcc/arm-none-eabi/4.7.3/../../../../arm-none-eabi/lib/armv6-m\libc_s.a(lib_a-memcpy.o)
 .text.memcpy   0x00000000       0x12 c:/program files (x86)/cypress/psoc creator/3.0/psoc creator/import/gnu_cs/arm/4.7.3/bin/../lib/gcc/arm-none-eabi/4.7.3/../../../../arm-none-eabi/lib/armv6-m\libc_s.a(lib_a-memcpy.o)
 .text          0x00000000        0x0 c:/program files (x86)/cypress/psoc creator/3.0/psoc creator/import/gnu_cs/arm/4.7.3/bin/../lib/gcc/arm-none-eabi/4.7.3/../../../../arm-none-eabi/lib/armv6-m\libc_s.a(lib_a-memset.o)
 .data          0x00000000        0x0 c:/program files (x86)/cypress/psoc creator/3.0/psoc creator/import/gnu_cs/arm/4.7.3/bin/../lib/gcc/arm-none-eabi/4.7.3/../../../../arm-none-eabi/lib/armv6-m\libc_s.a(lib_a-memset.o)
 .bss           0x00000000        0x0 c:/program files (x86)/cypress/psoc creator/3.0/psoc creator/import/gnu_cs/arm/4.7.3/bin/../lib/gcc/arm-none-eabi/4.7.3/../../../../arm-none-eabi/lib/armv6-m\libc_s.a(lib_a-memset.o)
 .text          0x00000000        0x0 c:/program files (x86)/cypress/psoc creator/3.0/psoc creator/import/gnu_cs/arm/4.7.3/bin/../lib/gcc/arm-none-eabi/4.7.3/armv6-m/crtend.o
 .data          0x00000000        0x0 c:/program files (x86)/cypress/psoc creator/3.0/psoc creator/import/gnu_cs/arm/4.7.3/bin/../lib/gcc/arm-none-eabi/4.7.3/armv6-m/crtend.o
 .bss           0x00000000        0x0 c:/program files (x86)/cypress/psoc creator/3.0/psoc creator/import/gnu_cs/arm/4.7.3/bin/../lib/gcc/arm-none-eabi/4.7.3/armv6-m/crtend.o
 .text          0x00000000        0x0 c:/program files (x86)/cypress/psoc creator/3.0/psoc creator/import/gnu_cs/arm/4.7.3/bin/../lib/gcc/arm-none-eabi/4.7.3/armv6-m/crtn.o
 .data          0x00000000        0x0 c:/program files (x86)/cypress/psoc creator/3.0/psoc creator/import/gnu_cs/arm/4.7.3/bin/../lib/gcc/arm-none-eabi/4.7.3/armv6-m/crtn.o
 .bss           0x00000000        0x0 c:/program files (x86)/cypress/psoc creator/3.0/psoc creator/import/gnu_cs/arm/4.7.3/bin/../lib/gcc/arm-none-eabi/4.7.3/armv6-m/crtn.o

Memory Configuration

Name             Origin             Length             Attributes
rom              0x00000000         0x00008000         xr
ram              0x20000000         0x00001000         xrw
*default*        0x00000000         0xffffffff

Linker script and memory map

LOAD c:/program files (x86)/cypress/psoc creator/3.0/psoc creator/import/gnu_cs/arm/4.7.3/bin/../lib/gcc/arm-none-eabi/4.7.3/armv6-m/crti.o
LOAD c:/program files (x86)/cypress/psoc creator/3.0/psoc creator/import/gnu_cs/arm/4.7.3/bin/../lib/gcc/arm-none-eabi/4.7.3/armv6-m/crtbegin.o
LOAD c:/program files (x86)/cypress/psoc creator/3.0/psoc creator/import/gnu_cs/arm/4.7.3/bin/../lib/gcc/arm-none-eabi/4.7.3/../../../../arm-none-eabi/lib/armv6-m/crt0.o
START GROUP
LOAD .\CortexM0\ARM_GCC_473\Debug\main.o
LOAD .\CortexM0\ARM_GCC_473\Debug\cymetadata.o
LOAD .\CortexM0\ARM_GCC_473\Debug\Cm0Start.o
LOAD .\CortexM0\ARM_GCC_473\Debug\Timer_PWM.a
LOAD C:\Program Files (x86)\Cypress\PSoC Creator\3.0\PSoC Creator\psoc\content\cycomponentlibrary\CyComponentLibrary.cylib\CortexM0\ARM_GCC_473\Debug\CyComponentLibrary.a
END GROUP
START GROUP
LOAD c:/program files (x86)/cypress/psoc creator/3.0/psoc creator/import/gnu_cs/arm/4.7.3/bin/../lib/gcc/arm-none-eabi/4.7.3/armv6-m\libgcc.a
LOAD c:/program files (x86)/cypress/psoc creator/3.0/psoc creator/import/gnu_cs/arm/4.7.3/bin/../lib/gcc/arm-none-eabi/4.7.3/../../../../arm-none-eabi/lib/armv6-m\libc_s.a
END GROUP
LOAD c:/program files (x86)/cypress/psoc creator/3.0/psoc creator/import/gnu_cs/arm/4.7.3/bin/../lib/gcc/arm-none-eabi/4.7.3/armv6-m/crtend.o
LOAD c:/program files (x86)/cypress/psoc creator/3.0/psoc creator/import/gnu_cs/arm/4.7.3/bin/../lib/gcc/arm-none-eabi/4.7.3/armv6-m/crtn.o
START GROUP
LOAD c:/program files (x86)/cypress/psoc creator/3.0/psoc creator/import/gnu_cs/arm/4.7.3/bin/../lib/gcc/arm-none-eabi/4.7.3/armv6-m\libgcc.a
LOAD c:/program files (x86)/cypress/psoc creator/3.0/psoc creator/import/gnu_cs/arm/4.7.3/bin/../lib/gcc/arm-none-eabi/4.7.3/../../../../arm-none-eabi/lib/armv6-m\libc.a
LOAD c:/program files (x86)/cypress/psoc creator/3.0/psoc creator/import/gnu_cs/arm/4.7.3/bin/../lib/gcc/arm-none-eabi/4.7.3/../../../../arm-none-eabi/lib/armv6-m\libnosys.a
END GROUP
                0x00000000                CY_APPL_ORIGIN = 0x0
                0x00000080                CY_FLASH_ROW_SIZE = 0x80
                0x00000001                CY_APPL_NUM = 0x1
                0x00000040                CY_METADATA_SIZE = 0x40
                0x20000108                PROVIDE (__cy_heap_start, _end)
                0x00000001                PROVIDE (__cy_region_num, ((__cy_regions_end - __cy_regions) / 0x10))
                0x20001000                PROVIDE (__cy_stack, (ORIGIN (ram) + 0x1000))
                0x20000c00                PROVIDE (__cy_heap_end, (__cy_stack - 0x400))

.cybootloader   0x00000000        0x0
 *(.cybootloader)
                0x00000000                appl1_start = CY_APPL_ORIGIN?CY_APPL_ORIGIN:ALIGN (CY_FLASH_ROW_SIZE)
                0x00003f80                appl2_start = (appl1_start + ALIGN ((((0x8000 - appl1_start) - (0x2 * CY_FLASH_ROW_SIZE)) / 0x2), CY_FLASH_ROW_SIZE))
                0x00000000                appl_start = (CY_APPL_NUM == 0x1)?appl1_start:appl2_start

.text           0x00000000      0xc3e
 CREATE_OBJECT_SYMBOLS
                0x00000000                PROVIDE (__cy_interrupt_vector, RomVectors)
 *(.romvectors)
 .romvectors    0x00000000       0x10 .\CortexM0\ARM_GCC_473\Debug\Cm0Start.o
                0x00000000                RomVectors
                0x00000001                ASSERT ((. != __cy_interrupt_vector), No interrupt vector)
                0x00000001                ASSERT (CY_APPL_ORIGIN?(SIZEOF (.cybootloader) <= CY_APPL_ORIGIN):0x1, Wrong image location)
                0x00000010                PROVIDE (__cy_reset, Reset)
 *(.text.Reset)
 .text.Reset    0x00000010        0x8 .\CortexM0\ARM_GCC_473\Debug\Cm0Start.o
                0x00000010                Reset
                0x00000001                ASSERT ((. != __cy_reset), No reset code)
 *(.psocinit)
 .psocinit      0x00000018      0x25c .\CortexM0\ARM_GCC_473\Debug\Timer_PWM.a(cyfitter_cfg.o)
                0x00000150                cyfitter_cfg
                0x00000274                . = MAX (., 0x100)
 *(.text .text.* .gnu.linkonce.t.*)
 .text          0x00000274       0x60 c:/program files (x86)/cypress/psoc creator/3.0/psoc creator/import/gnu_cs/arm/4.7.3/bin/../lib/gcc/arm-none-eabi/4.7.3/armv6-m/crtbegin.o
 .text.BLUE_ISR
                0x000002d4       0x10 .\CortexM0\ARM_GCC_473\Debug\main.o
                0x000002d4                BLUE_ISR
 .text.RED_ISR  0x000002e4       0x10 .\CortexM0\ARM_GCC_473\Debug\main.o
                0x000002e4                RED_ISR
 .text.TC_ISR   0x000002f4       0x14 .\CortexM0\ARM_GCC_473\Debug\main.o
                0x000002f4                TC_ISR
 .text.MS_ISR   0x00000308       0x14 .\CortexM0\ARM_GCC_473\Debug\main.o
                0x00000308                MS_ISR
 .text.main     0x0000031c       0x50 .\CortexM0\ARM_GCC_473\Debug\main.o
                0x0000031c                main
 .text.IntDefaultHandler
                0x0000036c        0x8 .\CortexM0\ARM_GCC_473\Debug\Cm0Start.o
                0x0000036c                IntDefaultHandler
 .text.Start_c  0x00000374       0xa4 .\CortexM0\ARM_GCC_473\Debug\Cm0Start.o
                0x00000374                Start_c
 .text.initialize_psoc
                0x00000418       0x5c .\CortexM0\ARM_GCC_473\Debug\Cm0Start.o
                0x00000418                initialize_psoc
 .text.CYMEMZERO
                0x00000474       0x20 .\CortexM0\ARM_GCC_473\Debug\Timer_PWM.a(cyfitter_cfg.o)
 .text.cfg_write_bytes32
                0x00000494       0x80 .\CortexM0\ARM_GCC_473\Debug\Timer_PWM.a(cyfitter_cfg.o)
 .text.AnalogSetDefault
                0x00000514        0x8 .\CortexM0\ARM_GCC_473\Debug\Timer_PWM.a(cyfitter_cfg.o)
 .text.PWM_1_Start
                0x0000051c       0x24 .\CortexM0\ARM_GCC_473\Debug\Timer_PWM.a(PWM_1.o)
                0x0000051c                PWM_1_Start
 .text.PWM_1_Init
                0x00000540       0xa4 .\CortexM0\ARM_GCC_473\Debug\Timer_PWM.a(PWM_1.o)
                0x00000540                PWM_1_Init
 .text.PWM_1_Enable
                0x000005e4       0x20 .\CortexM0\ARM_GCC_473\Debug\Timer_PWM.a(PWM_1.o)
                0x000005e4                PWM_1_Enable
 .text.PWM_1_WriteCounter
                0x00000604       0x20 .\CortexM0\ARM_GCC_473\Debug\Timer_PWM.a(PWM_1.o)
                0x00000604                PWM_1_WriteCounter
 .text.PWM_1_ClearFIFO
                0x00000624       0x1c .\CortexM0\ARM_GCC_473\Debug\Timer_PWM.a(PWM_1.o)
                0x00000624                PWM_1_ClearFIFO
 .text.PWM_1_WritePeriod
                0x00000640       0x20 .\CortexM0\ARM_GCC_473\Debug\Timer_PWM.a(PWM_1.o)
                0x00000640                PWM_1_WritePeriod
 .text.PWM_1_WriteCompare1
                0x00000660       0x20 .\CortexM0\ARM_GCC_473\Debug\Timer_PWM.a(PWM_1.o)
                0x00000660                PWM_1_WriteCompare1
 .text.PWM_1_WriteCompare2
                0x00000680       0x20 .\CortexM0\ARM_GCC_473\Debug\Timer_PWM.a(PWM_1.o)
                0x00000680                PWM_1_WriteCompare2
 .text.PWM_1_SetInterruptMode
                0x000006a0       0x20 .\CortexM0\ARM_GCC_473\Debug\Timer_PWM.a(PWM_1.o)
                0x000006a0                PWM_1_SetInterruptMode
 .text.PWM_1_ReadStatusRegister
                0x000006c0       0x20 .\CortexM0\ARM_GCC_473\Debug\Timer_PWM.a(PWM_1.o)
                0x000006c0                PWM_1_ReadStatusRegister
 .text.PWM_1_ReadCapture
                0x000006e0       0x14 .\CortexM0\ARM_GCC_473\Debug\Timer_PWM.a(PWM_1.o)
                0x000006e0                PWM_1_ReadCapture
 .text.Blue_LED_Write
                0x000006f4       0x4c .\CortexM0\ARM_GCC_473\Debug\Timer_PWM.a(Blue_LED.o)
                0x000006f4                Blue_LED_Write
 .text.Red_LED_Write
                0x00000740       0x4c .\CortexM0\ARM_GCC_473\Debug\Timer_PWM.a(Red_LED.o)
                0x00000740                Red_LED_Write
 *fill*         0x0000078c        0x4 00
 .text          0x00000790       0x20 .\CortexM0\ARM_GCC_473\Debug\Timer_PWM.a(CyBootAsmGnu.o)
                0x00000790                CyDelayCycles
                0x000007a2                CyEnterCriticalSection
                0x000007aa                CyExitCriticalSection
 .text.CyDelayUs
                0x000007b0       0x28 .\CortexM0\ARM_GCC_473\Debug\Timer_PWM.a(CyLib.o)
                0x000007b0                CyDelayUs
 .text.blue_isr_StartEx
                0x000007d8       0x24 .\CortexM0\ARM_GCC_473\Debug\Timer_PWM.a(blue_isr.o)
                0x000007d8                blue_isr_StartEx
 .text.blue_isr_SetVector
                0x000007fc       0x18 .\CortexM0\ARM_GCC_473\Debug\Timer_PWM.a(blue_isr.o)
                0x000007fc                blue_isr_SetVector
 .text.blue_isr_SetPriority
                0x00000814       0x50 .\CortexM0\ARM_GCC_473\Debug\Timer_PWM.a(blue_isr.o)
                0x00000814                blue_isr_SetPriority
 .text.blue_isr_Enable
                0x00000864       0x14 .\CortexM0\ARM_GCC_473\Debug\Timer_PWM.a(blue_isr.o)
                0x00000864                blue_isr_Enable
 .text.blue_isr_Disable
                0x00000878       0x14 .\CortexM0\ARM_GCC_473\Debug\Timer_PWM.a(blue_isr.o)
                0x00000878                blue_isr_Disable
 .text.red_isr_StartEx
                0x0000088c       0x24 .\CortexM0\ARM_GCC_473\Debug\Timer_PWM.a(red_isr.o)
                0x0000088c                red_isr_StartEx
 .text.red_isr_SetVector
                0x000008b0       0x18 .\CortexM0\ARM_GCC_473\Debug\Timer_PWM.a(red_isr.o)
                0x000008b0                red_isr_SetVector
 .text.red_isr_SetPriority
                0x000008c8       0x4c .\CortexM0\ARM_GCC_473\Debug\Timer_PWM.a(red_isr.o)
                0x000008c8                red_isr_SetPriority
 .text.red_isr_Enable
                0x00000914       0x14 .\CortexM0\ARM_GCC_473\Debug\Timer_PWM.a(red_isr.o)
                0x00000914                red_isr_Enable
 .text.red_isr_Disable
                0x00000928       0x14 .\CortexM0\ARM_GCC_473\Debug\Timer_PWM.a(red_isr.o)
                0x00000928                red_isr_Disable
 .text.tc_isr_StartEx
                0x0000093c       0x24 .\CortexM0\ARM_GCC_473\Debug\Timer_PWM.a(tc_isr.o)
                0x0000093c                tc_isr_StartEx
 .text.tc_isr_SetVector
                0x00000960       0x18 .\CortexM0\ARM_GCC_473\Debug\Timer_PWM.a(tc_isr.o)
                0x00000960                tc_isr_SetVector
 .text.tc_isr_SetPriority
                0x00000978       0x50 .\CortexM0\ARM_GCC_473\Debug\Timer_PWM.a(tc_isr.o)
                0x00000978                tc_isr_SetPriority
 .text.tc_isr_Enable
                0x000009c8       0x14 .\CortexM0\ARM_GCC_473\Debug\Timer_PWM.a(tc_isr.o)
                0x000009c8                tc_isr_Enable
 .text.tc_isr_Disable
                0x000009dc       0x14 .\CortexM0\ARM_GCC_473\Debug\Timer_PWM.a(tc_isr.o)
                0x000009dc                tc_isr_Disable
 .text.Timer_1_Init
                0x000009f0       0x54 .\CortexM0\ARM_GCC_473\Debug\Timer_PWM.a(Timer_1.o)
                0x000009f0                Timer_1_Init
 .text.Timer_1_Enable
                0x00000a44       0x20 .\CortexM0\ARM_GCC_473\Debug\Timer_PWM.a(Timer_1.o)
                0x00000a44                Timer_1_Enable
 .text.Timer_1_Start
                0x00000a64       0x24 .\CortexM0\ARM_GCC_473\Debug\Timer_PWM.a(Timer_1.o)
                0x00000a64                Timer_1_Start
 .text.Timer_1_SetInterruptMode
                0x00000a88       0x20 .\CortexM0\ARM_GCC_473\Debug\Timer_PWM.a(Timer_1.o)
                0x00000a88                Timer_1_SetInterruptMode
 .text.Timer_1_ReadStatusRegister
                0x00000aa8       0x14 .\CortexM0\ARM_GCC_473\Debug\Timer_PWM.a(Timer_1.o)
                0x00000aa8                Timer_1_ReadStatusRegister
 .text.Timer_1_WritePeriod
                0x00000abc       0x20 .\CortexM0\ARM_GCC_473\Debug\Timer_PWM.a(Timer_1.o)
                0x00000abc                Timer_1_WritePeriod
 .text.Timer_1_ReadCapture
                0x00000adc       0x14 .\CortexM0\ARM_GCC_473\Debug\Timer_PWM.a(Timer_1.o)
                0x00000adc                Timer_1_ReadCapture
 .text.Timer_1_WriteCounter
                0x00000af0       0x20 .\CortexM0\ARM_GCC_473\Debug\Timer_PWM.a(Timer_1.o)
                0x00000af0                Timer_1_WriteCounter
 .text.Timer_1_ClearFIFO
                0x00000b10       0x1c .\CortexM0\ARM_GCC_473\Debug\Timer_PWM.a(Timer_1.o)
                0x00000b10                Timer_1_ClearFIFO
 .text.ms_isr_StartEx
                0x00000b2c       0x24 .\CortexM0\ARM_GCC_473\Debug\Timer_PWM.a(ms_isr.o)
                0x00000b2c                ms_isr_StartEx
 .text.ms_isr_SetVector
                0x00000b50       0x18 .\CortexM0\ARM_GCC_473\Debug\Timer_PWM.a(ms_isr.o)
                0x00000b50                ms_isr_SetVector
 .text.ms_isr_SetPriority
                0x00000b68       0x50 .\CortexM0\ARM_GCC_473\Debug\Timer_PWM.a(ms_isr.o)
                0x00000b68                ms_isr_SetPriority
 .text.ms_isr_Enable
                0x00000bb8       0x14 .\CortexM0\ARM_GCC_473\Debug\Timer_PWM.a(ms_isr.o)
                0x00000bb8                ms_isr_Enable
 .text.ms_isr_Disable
                0x00000bcc       0x14 .\CortexM0\ARM_GCC_473\Debug\Timer_PWM.a(ms_isr.o)
                0x00000bcc                ms_isr_Disable
 .text.__libc_init_array
                0x00000be0       0x4c c:/program files (x86)/cypress/psoc creator/3.0/psoc creator/import/gnu_cs/arm/4.7.3/bin/../lib/gcc/arm-none-eabi/4.7.3/../../../../arm-none-eabi/lib/armv6-m\libc_s.a(lib_a-init.o)
                0x00000be0                __libc_init_array
 .text.memset   0x00000c2c       0x12 c:/program files (x86)/cypress/psoc creator/3.0/psoc creator/import/gnu_cs/arm/4.7.3/bin/../lib/gcc/arm-none-eabi/4.7.3/../../../../arm-none-eabi/lib/armv6-m\libc_s.a(lib_a-memset.o)
                0x00000c2c                memset
 *(.plt)
 *(.gnu.warning)
 *(.glue_7t)
 .glue_7t       0x00000000        0x0 linker stubs
 *(.glue_7)
 .glue_7        0x00000000        0x0 linker stubs
 *(.vfp11_veneer)
 .vfp11_veneer  0x00000000        0x0 linker stubs
 *(.bootloader)
 *(.ARM.extab* .gnu.linkonce.armextab.*)
 *(.gcc_except_table)

.v4_bx          0x00000c40        0x0
 .v4_bx         0x00000000        0x0 linker stubs

.iplt           0x00000c40        0x0
 .iplt          0x00000000        0x0 c:/program files (x86)/cypress/psoc creator/3.0/psoc creator/import/gnu_cs/arm/4.7.3/bin/../lib/gcc/arm-none-eabi/4.7.3/armv6-m/crtbegin.o

.eh_frame_hdr
 *(.eh_frame_hdr)

.eh_frame       0x00000c40        0x4
 *(.eh_frame)
 .eh_frame      0x00000c40        0x0 c:/program files (x86)/cypress/psoc creator/3.0/psoc creator/import/gnu_cs/arm/4.7.3/bin/../lib/gcc/arm-none-eabi/4.7.3/armv6-m/crtbegin.o
 .eh_frame      0x00000c40        0x4 c:/program files (x86)/cypress/psoc creator/3.0/psoc creator/import/gnu_cs/arm/4.7.3/bin/../lib/gcc/arm-none-eabi/4.7.3/armv6-m/crtend.o
                0x00000c44                PROVIDE (__exidx_start, .)

.ARM.exidx
 *(.ARM.exidx* .gnu.linkonce.armexidx.*)
                0x00000c44                __exidx_end = .

.rodata         0x00000c44      0x204
 *(.rodata .rodata.* .gnu.linkonce.r.*)
 .rodata        0x00000c44      0x1d0 .\CortexM0\ARM_GCC_473\Debug\Timer_PWM.a(cyfitter_cfg.o)
                0x00000e14                . = ALIGN (0x4)
 *(.init)
 .init          0x00000e14        0x4 c:/program files (x86)/cypress/psoc creator/3.0/psoc creator/import/gnu_cs/arm/4.7.3/bin/../lib/gcc/arm-none-eabi/4.7.3/armv6-m/crti.o
                0x00000e14                _init
 .init          0x00000e18        0x8 c:/program files (x86)/cypress/psoc creator/3.0/psoc creator/import/gnu_cs/arm/4.7.3/bin/../lib/gcc/arm-none-eabi/4.7.3/armv6-m/crtn.o
                0x00000e20                . = ALIGN (0x4)
                0x00000e20                __preinit_array_start = .
 *(.preinit_array)
                0x00000e20                __preinit_array_end = .
                0x00000e20                . = ALIGN (0x4)
                0x00000e20                __init_array_start = .
 *(SORT(.init_array.*))
 *(.init_array)
 .init_array    0x00000e20        0x4 c:/program files (x86)/cypress/psoc creator/3.0/psoc creator/import/gnu_cs/arm/4.7.3/bin/../lib/gcc/arm-none-eabi/4.7.3/armv6-m/crtbegin.o
 .init_array    0x00000e24        0x4 .\CortexM0\ARM_GCC_473\Debug\Cm0Start.o
                0x00000e28                __init_array_end = .
                0x00000e28                . = ALIGN (0x4)
 *(.fini)
 .fini          0x00000e28        0x4 c:/program files (x86)/cypress/psoc creator/3.0/psoc creator/import/gnu_cs/arm/4.7.3/bin/../lib/gcc/arm-none-eabi/4.7.3/armv6-m/crti.o
                0x00000e28                _fini
 .fini          0x00000e2c        0x8 c:/program files (x86)/cypress/psoc creator/3.0/psoc creator/import/gnu_cs/arm/4.7.3/bin/../lib/gcc/arm-none-eabi/4.7.3/armv6-m/crtn.o
                0x00000e34                . = ALIGN (0x4)
                0x00000e34                __fini_array_start = .
 *(.fini_array)
 .fini_array    0x00000e34        0x4 c:/program files (x86)/cypress/psoc creator/3.0/psoc creator/import/gnu_cs/arm/4.7.3/bin/../lib/gcc/arm-none-eabi/4.7.3/armv6-m/crtbegin.o
 *(SORT(.fini_array.*))
                0x00000e38                __fini_array_end = .
                0x00000e38                . = ALIGN (0x4)
 *crtbegin.o(.ctors)
 *(EXCLUDE_FILE(*crtend.o) .ctors)
 *(SORT(.ctors.*))
 *crtend.o(.ctors)
                0x00000e38                . = ALIGN (0x4)
 *crtbegin.o(.dtors)
 *(EXCLUDE_FILE(*crtend.o) .dtors)
 *(SORT(.dtors.*))
 *crtend.o(.dtors)
                0x00000e38                . = ALIGN (0x4)
                0x00000e38                __cy_regions = .
                0x00000e38        0x4 LONG 0xe48 __cy_region_init_ram
                0x00000e3c        0x4 LONG 0x200000c8 __cy_region_start_data
                0x00000e40        0x4 LONG 0x20 __cy_region_init_size_ram
                0x00000e44        0x4 LONG 0x20 __cy_region_zero_size_ram
                0x00000e48                __cy_regions_end = .
                0x00000e48                . = ALIGN (0x8)
                0x00000e48                _etext = .

.ramvectors     0x20000000       0xc0
                0x20000000                __cy_region_start_ram = .
 *(.ramvectors)
 .ramvectors    0x20000000       0xc0 .\CortexM0\ARM_GCC_473\Debug\Cm0Start.o
                0x20000000                CyRamVectors

.noinit         0x200000c0        0x4
 *(.noinit)
 .noinit        0x200000c0        0x4 .\CortexM0\ARM_GCC_473\Debug\Cm0Start.o

.data           0x200000c8       0x20 load address 0x00000e48
                0x200000c8                __cy_region_start_data = .
 *(.jcr)
 .jcr           0x200000c8        0x0 c:/program files (x86)/cypress/psoc creator/3.0/psoc creator/import/gnu_cs/arm/4.7.3/bin/../lib/gcc/arm-none-eabi/4.7.3/armv6-m/crtbegin.o
 .jcr           0x200000c8        0x4 c:/program files (x86)/cypress/psoc creator/3.0/psoc creator/import/gnu_cs/arm/4.7.3/bin/../lib/gcc/arm-none-eabi/4.7.3/armv6-m/crtend.o
 *(.got.plt)
 *(.got)
 *(.shdata)
 *(.data .data.* .gnu.linkonce.d.*)
 .data          0x200000cc        0x4 .\CortexM0\ARM_GCC_473\Debug\main.o
                0x200000cc                comp_val2
                0x200000ce                increment
 .data          0x200000d0        0x4 .\CortexM0\ARM_GCC_473\Debug\Timer_PWM.a(cyfitter_cfg.o)
 .data          0x200000d4       0x10 .\CortexM0\ARM_GCC_473\Debug\Timer_PWM.a(CyLib.o)
                0x200000d4                cydelayFreqHz
                0x200000d8                cydelayFreqKhz
                0x200000dc                cydelayFreqMhz
                0x200000e0                cydelay32kMs
                0x200000e8                . = ALIGN (0x8)
 *fill*         0x200000e4        0x4 00
 *(.ram)
                0x200000e8                _edata = .

.igot.plt       0x200000e8        0x0 load address 0x00000e68
 .igot.plt      0x00000000        0x0 c:/program files (x86)/cypress/psoc creator/3.0/psoc creator/import/gnu_cs/arm/4.7.3/bin/../lib/gcc/arm-none-eabi/4.7.3/armv6-m/crtbegin.o

.bss            0x200000e8       0x20 load address 0x00000e68
                0x200000e8                PROVIDE (__bss_start__, .)
 *(.shbss)
 *(.bss .bss.* .gnu.linkonce.b.*)
 .bss           0x200000e8       0x1c c:/program files (x86)/cypress/psoc creator/3.0/psoc creator/import/gnu_cs/arm/4.7.3/bin/../lib/gcc/arm-none-eabi/4.7.3/armv6-m/crtbegin.o
 .bss           0x20000104        0x1 .\CortexM0\ARM_GCC_473\Debug\Timer_PWM.a(PWM_1.o)
                0x20000104                PWM_1_initVar
 .bss           0x20000105        0x1 .\CortexM0\ARM_GCC_473\Debug\Timer_PWM.a(Timer_1.o)
                0x20000105                Timer_1_initVar
 *(COMMON)
                0x20000108                . = ALIGN (0x8)
 *fill*         0x20000106        0x2 00
 *(.ram.b)
                0x20000108                _end = .
                0x20000108                __end = .
                0x20000108                PROVIDE (end, .)
                0x20000108                PROVIDE (__bss_end__, .)
                0x00000e48                __cy_region_init_ram = LOADADDR (.data)
                0x00000020                __cy_region_init_size_ram = (_edata - ADDR (.data))
                0x00000020                __cy_region_zero_size_ram = (_end - _edata)

.heap           0x20000108      0x100 load address 0x00000e68
                0x20000108                . = _end
                0x20000208                . = (. + 0x100)
 *fill*         0x20000108      0x100 00
                0x20000208                __cy_heap_limit = .

.stack          0x20000c00      0x400
                0x20000c00                __cy_stack_limit = .
                0x20001000                . = (. + 0x400)
 *fill*         0x20000c00      0x400 00
                0x00000001                ASSERT ((__cy_stack_limit >= __cy_heap_limit), region RAM overflowed with stack)

.cyloadermeta
 *(.cyloadermeta)

.cyloadablemeta
 *(.cyloadablemeta)

.cyflashprotect
                0x90400000       0x20
 *(.cyflashprotect)
 .cyflashprotect
                0x90400000       0x20 .\CortexM0\ARM_GCC_473\Debug\cymetadata.o
                0x90400000                cy_meta_flashprotect

.cymeta         0x90500000        0xc
 *(.cymeta)
 .cymeta        0x90500000        0xc .\CortexM0\ARM_GCC_473\Debug\cymetadata.o
                0x90500000                cy_metadata

.cychipprotect  0x90600000        0x4
 *(.cychipprotect)
 .cychipprotect
                0x90600000        0x4 .\CortexM0\ARM_GCC_473\Debug\cymetadata.o
                0x90600000                cy_meta_chipprotect

.rel.dyn        0x00000e68        0x0 load address 0x90600004
 .rel.iplt      0x00000000        0x0 c:/program files (x86)/cypress/psoc creator/3.0/psoc creator/import/gnu_cs/arm/4.7.3/bin/../lib/gcc/arm-none-eabi/4.7.3/armv6-m/crtbegin.o

.stab
 *(.stab)

.stabstr
 *(.stabstr)

.debug
 *(.debug)

.line
 *(.line)

.debug_srcinfo
 *(.debug_srcinfo)

.debug_sfnames
 *(.debug_sfnames)

.debug_aranges  0x00000000      0x660
 *(.debug_aranges)
 .debug_aranges
                0x00000000       0x40 .\CortexM0\ARM_GCC_473\Debug\main.o
 .debug_aranges
                0x00000040       0x18 .\CortexM0\ARM_GCC_473\Debug\cymetadata.o
 .debug_aranges
                0x00000058       0x40 .\CortexM0\ARM_GCC_473\Debug\Cm0Start.o
 .debug_aranges
                0x00000098       0x58 .\CortexM0\ARM_GCC_473\Debug\Timer_PWM.a(cyfitter_cfg.o)
 .debug_aranges
                0x000000f0       0xa8 .\CortexM0\ARM_GCC_473\Debug\Timer_PWM.a(PWM_1.o)
 .debug_aranges
                0x00000198       0x40 .\CortexM0\ARM_GCC_473\Debug\Timer_PWM.a(Blue_LED.o)
 .debug_aranges
                0x000001d8       0x40 .\CortexM0\ARM_GCC_473\Debug\Timer_PWM.a(Red_LED.o)
 .debug_aranges
                0x00000218       0x20 .\CortexM0\ARM_GCC_473\Debug\Timer_PWM.a(CyBootAsmGnu.o)
 .debug_aranges
                0x00000238      0x198 .\CortexM0\ARM_GCC_473\Debug\Timer_PWM.a(CyLib.o)
 .debug_aranges
                0x000003d0       0x80 .\CortexM0\ARM_GCC_473\Debug\Timer_PWM.a(blue_isr.o)
 .debug_aranges
                0x00000450       0x80 .\CortexM0\ARM_GCC_473\Debug\Timer_PWM.a(red_isr.o)
 .debug_aranges
                0x000004d0       0x80 .\CortexM0\ARM_GCC_473\Debug\Timer_PWM.a(tc_isr.o)
 .debug_aranges
                0x00000550       0x90 .\CortexM0\ARM_GCC_473\Debug\Timer_PWM.a(Timer_1.o)
 .debug_aranges
                0x000005e0       0x80 .\CortexM0\ARM_GCC_473\Debug\Timer_PWM.a(ms_isr.o)

.debug_pubnames
 *(.debug_pubnames)

.debug_info     0x00000000     0x2781
 *(.debug_info .gnu.linkonce.wi.*)
 .debug_info    0x00000000      0x15b .\CortexM0\ARM_GCC_473\Debug\main.o
 .debug_info    0x0000015b      0x100 .\CortexM0\ARM_GCC_473\Debug\cymetadata.o
 .debug_info    0x0000025b      0x2be .\CortexM0\ARM_GCC_473\Debug\Cm0Start.o
 .debug_info    0x00000519      0x485 .\CortexM0\ARM_GCC_473\Debug\Timer_PWM.a(cyfitter_cfg.o)
 .debug_info    0x0000099e      0x34b .\CortexM0\ARM_GCC_473\Debug\Timer_PWM.a(PWM_1.o)
 .debug_info    0x00000ce9      0x168 .\CortexM0\ARM_GCC_473\Debug\Timer_PWM.a(Blue_LED.o)
 .debug_info    0x00000e51      0x168 .\CortexM0\ARM_GCC_473\Debug\Timer_PWM.a(Red_LED.o)
 .debug_info    0x00000fb9       0x9d .\CortexM0\ARM_GCC_473\Debug\Timer_PWM.a(CyBootAsmGnu.o)
 .debug_info    0x00001056      0xa6b .\CortexM0\ARM_GCC_473\Debug\Timer_PWM.a(CyLib.o)
 .debug_info    0x00001ac1      0x288 .\CortexM0\ARM_GCC_473\Debug\Timer_PWM.a(blue_isr.o)
 .debug_info    0x00001d49      0x288 .\CortexM0\ARM_GCC_473\Debug\Timer_PWM.a(red_isr.o)
 .debug_info    0x00001fd1      0x288 .\CortexM0\ARM_GCC_473\Debug\Timer_PWM.a(tc_isr.o)
 .debug_info    0x00002259      0x2a0 .\CortexM0\ARM_GCC_473\Debug\Timer_PWM.a(Timer_1.o)
 .debug_info    0x000024f9      0x288 .\CortexM0\ARM_GCC_473\Debug\Timer_PWM.a(ms_isr.o)

.debug_abbrev   0x00000000      0xefc
 *(.debug_abbrev)
 .debug_abbrev  0x00000000       0x92 .\CortexM0\ARM_GCC_473\Debug\main.o
 .debug_abbrev  0x00000092       0x5d .\CortexM0\ARM_GCC_473\Debug\cymetadata.o
 .debug_abbrev  0x000000ef      0x164 .\CortexM0\ARM_GCC_473\Debug\Cm0Start.o
 .debug_abbrev  0x00000253      0x18c .\CortexM0\ARM_GCC_473\Debug\Timer_PWM.a(cyfitter_cfg.o)
 .debug_abbrev  0x000003df      0x130 .\CortexM0\ARM_GCC_473\Debug\Timer_PWM.a(PWM_1.o)
 .debug_abbrev  0x0000050f       0xac .\CortexM0\ARM_GCC_473\Debug\Timer_PWM.a(Blue_LED.o)
 .debug_abbrev  0x000005bb       0xac .\CortexM0\ARM_GCC_473\Debug\Timer_PWM.a(Red_LED.o)
 .debug_abbrev  0x00000667       0x14 .\CortexM0\ARM_GCC_473\Debug\Timer_PWM.a(CyBootAsmGnu.o)
 .debug_abbrev  0x0000067b      0x1bc .\CortexM0\ARM_GCC_473\Debug\Timer_PWM.a(CyLib.o)
 .debug_abbrev  0x00000837      0x16a .\CortexM0\ARM_GCC_473\Debug\Timer_PWM.a(blue_isr.o)
 .debug_abbrev  0x000009a1      0x16a .\CortexM0\ARM_GCC_473\Debug\Timer_PWM.a(red_isr.o)
 .debug_abbrev  0x00000b0b      0x16a .\CortexM0\ARM_GCC_473\Debug\Timer_PWM.a(tc_isr.o)
 .debug_abbrev  0x00000c75      0x11d .\CortexM0\ARM_GCC_473\Debug\Timer_PWM.a(Timer_1.o)
 .debug_abbrev  0x00000d92      0x16a .\CortexM0\ARM_GCC_473\Debug\Timer_PWM.a(ms_isr.o)

.debug_line     0x00000000     0x13ae
 *(.debug_line)
 .debug_line    0x00000000       0xb7 .\CortexM0\ARM_GCC_473\Debug\main.o
 .debug_line    0x000000b7       0x53 .\CortexM0\ARM_GCC_473\Debug\cymetadata.o
 .debug_line    0x0000010a      0x199 .\CortexM0\ARM_GCC_473\Debug\Cm0Start.o
 .debug_line    0x000002a3      0x1b1 .\CortexM0\ARM_GCC_473\Debug\Timer_PWM.a(cyfitter_cfg.o)
 .debug_line    0x00000454      0x1b3 .\CortexM0\ARM_GCC_473\Debug\Timer_PWM.a(PWM_1.o)
 .debug_line    0x00000607       0xae .\CortexM0\ARM_GCC_473\Debug\Timer_PWM.a(Blue_LED.o)
 .debug_line    0x000006b5       0xad .\CortexM0\ARM_GCC_473\Debug\Timer_PWM.a(Red_LED.o)
 .debug_line    0x00000762       0x68 .\CortexM0\ARM_GCC_473\Debug\Timer_PWM.a(CyBootAsmGnu.o)
 .debug_line    0x000007ca      0x527 .\CortexM0\ARM_GCC_473\Debug\Timer_PWM.a(CyLib.o)
 .debug_line    0x00000cf1      0x147 .\CortexM0\ARM_GCC_473\Debug\Timer_PWM.a(blue_isr.o)
 .debug_line    0x00000e38      0x156 .\CortexM0\ARM_GCC_473\Debug\Timer_PWM.a(red_isr.o)
 .debug_line    0x00000f8e      0x155 .\CortexM0\ARM_GCC_473\Debug\Timer_PWM.a(tc_isr.o)
 .debug_line    0x000010e3      0x176 .\CortexM0\ARM_GCC_473\Debug\Timer_PWM.a(Timer_1.o)
 .debug_line    0x00001259      0x155 .\CortexM0\ARM_GCC_473\Debug\Timer_PWM.a(ms_isr.o)

.debug_frame    0x00000000     0x1510
 *(.debug_frame)
 .debug_frame   0x00000000       0x9c .\CortexM0\ARM_GCC_473\Debug\main.o
 .debug_frame   0x0000009c       0xa8 .\CortexM0\ARM_GCC_473\Debug\Cm0Start.o
 .debug_frame   0x00000144      0x108 .\CortexM0\ARM_GCC_473\Debug\Timer_PWM.a(cyfitter_cfg.o)
 .debug_frame   0x0000024c      0x230 .\CortexM0\ARM_GCC_473\Debug\Timer_PWM.a(PWM_1.o)
 .debug_frame   0x0000047c       0xa8 .\CortexM0\ARM_GCC_473\Debug\Timer_PWM.a(Blue_LED.o)
 .debug_frame   0x00000524       0xa8 .\CortexM0\ARM_GCC_473\Debug\Timer_PWM.a(Red_LED.o)
 .debug_frame   0x000005cc      0x600 .\CortexM0\ARM_GCC_473\Debug\Timer_PWM.a(CyLib.o)
 .debug_frame   0x00000bcc      0x190 .\CortexM0\ARM_GCC_473\Debug\Timer_PWM.a(blue_isr.o)
 .debug_frame   0x00000d5c      0x190 .\CortexM0\ARM_GCC_473\Debug\Timer_PWM.a(red_isr.o)
 .debug_frame   0x00000eec      0x190 .\CortexM0\ARM_GCC_473\Debug\Timer_PWM.a(tc_isr.o)
 .debug_frame   0x0000107c      0x1cc .\CortexM0\ARM_GCC_473\Debug\Timer_PWM.a(Timer_1.o)
 .debug_frame   0x00001248      0x190 .\CortexM0\ARM_GCC_473\Debug\Timer_PWM.a(ms_isr.o)
 .debug_frame   0x000013d8       0x20 c:/program files (x86)/cypress/psoc creator/3.0/psoc creator/import/gnu_cs/arm/4.7.3/bin/../lib/gcc/arm-none-eabi/4.7.3/armv6-m\libgcc.a(_udivsi3.o)
 .debug_frame   0x000013f8       0x20 c:/program files (x86)/cypress/psoc creator/3.0/psoc creator/import/gnu_cs/arm/4.7.3/bin/../lib/gcc/arm-none-eabi/4.7.3/armv6-m\libgcc.a(_divsi3.o)
 .debug_frame   0x00001418       0x28 c:/program files (x86)/cypress/psoc creator/3.0/psoc creator/import/gnu_cs/arm/4.7.3/bin/../lib/gcc/arm-none-eabi/4.7.3/../../../../arm-none-eabi/lib/armv6-m\libc_s.a(lib_a-__atexit2.o)
 .debug_frame   0x00001440       0x28 c:/program files (x86)/cypress/psoc creator/3.0/psoc creator/import/gnu_cs/arm/4.7.3/bin/../lib/gcc/arm-none-eabi/4.7.3/../../../../arm-none-eabi/lib/armv6-m\libc_s.a(lib_a-exit.o)
 .debug_frame   0x00001468       0x2c c:/program files (x86)/cypress/psoc creator/3.0/psoc creator/import/gnu_cs/arm/4.7.3/bin/../lib/gcc/arm-none-eabi/4.7.3/../../../../arm-none-eabi/lib/armv6-m\libc_s.a(lib_a-fini.o)
 .debug_frame   0x00001494       0x2c c:/program files (x86)/cypress/psoc creator/3.0/psoc creator/import/gnu_cs/arm/4.7.3/bin/../lib/gcc/arm-none-eabi/4.7.3/../../../../arm-none-eabi/lib/armv6-m\libc_s.a(lib_a-init.o)
 .debug_frame   0x000014c0       0x28 c:/program files (x86)/cypress/psoc creator/3.0/psoc creator/import/gnu_cs/arm/4.7.3/bin/../lib/gcc/arm-none-eabi/4.7.3/../../../../arm-none-eabi/lib/armv6-m\libc_s.a(lib_a-memcpy.o)
 .debug_frame   0x000014e8       0x28 c:/program files (x86)/cypress/psoc creator/3.0/psoc creator/import/gnu_cs/arm/4.7.3/bin/../lib/gcc/arm-none-eabi/4.7.3/../../../../arm-none-eabi/lib/armv6-m\libc_s.a(lib_a-memset.o)

.debug_str      0x00000000     0x11a7
 *(.debug_str)
 .debug_str     0x00000000      0x15d .\CortexM0\ARM_GCC_473\Debug\main.o
                                0x196 (size before relaxing)
 .debug_str     0x0000015d       0x5b .\CortexM0\ARM_GCC_473\Debug\cymetadata.o
                                0x196 (size before relaxing)
 .debug_str     0x000001b8      0x111 .\CortexM0\ARM_GCC_473\Debug\Cm0Start.o
                                0x25f (size before relaxing)
 .debug_str     0x000002c9      0x19f .\CortexM0\ARM_GCC_473\Debug\Timer_PWM.a(cyfitter_cfg.o)
                                0x324 (size before relaxing)
 .debug_str     0x00000468      0x1c9 .\CortexM0\ARM_GCC_473\Debug\Timer_PWM.a(PWM_1.o)
                                0x316 (size before relaxing)
 .debug_str     0x00000631       0x9c .\CortexM0\ARM_GCC_473\Debug\Timer_PWM.a(Blue_LED.o)
                                0x1e1 (size before relaxing)
 .debug_str     0x000006cd       0x7e .\CortexM0\ARM_GCC_473\Debug\Timer_PWM.a(Red_LED.o)
                                0x1db (size before relaxing)
 .debug_str     0x0000074b      0x4cf .\CortexM0\ARM_GCC_473\Debug\Timer_PWM.a(CyLib.o)
                                0x657 (size before relaxing)
 .debug_str     0x00000c1a      0x121 .\CortexM0\ARM_GCC_473\Debug\Timer_PWM.a(blue_isr.o)
                                0x2a3 (size before relaxing)
 .debug_str     0x00000d3b      0x104 .\CortexM0\ARM_GCC_473\Debug\Timer_PWM.a(red_isr.o)
                                0x295 (size before relaxing)
 .debug_str     0x00000e3f       0xf6 .\CortexM0\ARM_GCC_473\Debug\Timer_PWM.a(tc_isr.o)
                                0x287 (size before relaxing)
 .debug_str     0x00000f35      0x17c .\CortexM0\ARM_GCC_473\Debug\Timer_PWM.a(Timer_1.o)
                                0x2ee (size before relaxing)
 .debug_str     0x000010b1       0xf6 .\CortexM0\ARM_GCC_473\Debug\Timer_PWM.a(ms_isr.o)
                                0x287 (size before relaxing)

.debug_loc      0x00000000     0x1f84
 *(.debug_loc)
 .debug_loc     0x00000000       0xdc .\CortexM0\ARM_GCC_473\Debug\main.o
 .debug_loc     0x000000dc      0x100 .\CortexM0\ARM_GCC_473\Debug\Cm0Start.o
 .debug_loc     0x000001dc      0x1a8 .\CortexM0\ARM_GCC_473\Debug\Timer_PWM.a(cyfitter_cfg.o)
 .debug_loc     0x00000384      0x384 .\CortexM0\ARM_GCC_473\Debug\Timer_PWM.a(PWM_1.o)
 .debug_loc     0x00000708      0x100 .\CortexM0\ARM_GCC_473\Debug\Timer_PWM.a(Blue_LED.o)
 .debug_loc     0x00000808      0x100 .\CortexM0\ARM_GCC_473\Debug\Timer_PWM.a(Red_LED.o)
 .debug_loc     0x00000908      0x9fc .\CortexM0\ARM_GCC_473\Debug\Timer_PWM.a(CyLib.o)
 .debug_loc     0x00001304      0x26c .\CortexM0\ARM_GCC_473\Debug\Timer_PWM.a(blue_isr.o)
 .debug_loc     0x00001570      0x26c .\CortexM0\ARM_GCC_473\Debug\Timer_PWM.a(red_isr.o)
 .debug_loc     0x000017dc      0x26c .\CortexM0\ARM_GCC_473\Debug\Timer_PWM.a(tc_isr.o)
 .debug_loc     0x00001a48      0x2d0 .\CortexM0\ARM_GCC_473\Debug\Timer_PWM.a(Timer_1.o)
 .debug_loc     0x00001d18      0x26c .\CortexM0\ARM_GCC_473\Debug\Timer_PWM.a(ms_isr.o)

.debug_macinfo
 *(.debug_macinfo)

.debug_ranges   0x00000000      0x568
 *(.debug_ranges)
 .debug_ranges  0x00000000       0x30 .\CortexM0\ARM_GCC_473\Debug\main.o
 .debug_ranges  0x00000030       0x30 .\CortexM0\ARM_GCC_473\Debug\Cm0Start.o
 .debug_ranges  0x00000060       0x48 .\CortexM0\ARM_GCC_473\Debug\Timer_PWM.a(cyfitter_cfg.o)
 .debug_ranges  0x000000a8       0x98 .\CortexM0\ARM_GCC_473\Debug\Timer_PWM.a(PWM_1.o)
 .debug_ranges  0x00000140       0x30 .\CortexM0\ARM_GCC_473\Debug\Timer_PWM.a(Blue_LED.o)
 .debug_ranges  0x00000170       0x30 .\CortexM0\ARM_GCC_473\Debug\Timer_PWM.a(Red_LED.o)
 .debug_ranges  0x000001a0      0x188 .\CortexM0\ARM_GCC_473\Debug\Timer_PWM.a(CyLib.o)
 .debug_ranges  0x00000328       0x70 .\CortexM0\ARM_GCC_473\Debug\Timer_PWM.a(blue_isr.o)
 .debug_ranges  0x00000398       0x70 .\CortexM0\ARM_GCC_473\Debug\Timer_PWM.a(red_isr.o)
 .debug_ranges  0x00000408       0x70 .\CortexM0\ARM_GCC_473\Debug\Timer_PWM.a(tc_isr.o)
 .debug_ranges  0x00000478       0x80 .\CortexM0\ARM_GCC_473\Debug\Timer_PWM.a(Timer_1.o)
 .debug_ranges  0x000004f8       0x70 .\CortexM0\ARM_GCC_473\Debug\Timer_PWM.a(ms_isr.o)

.comment        0x00000000       0x70
 .comment       0x00000000       0x70 .\CortexM0\ARM_GCC_473\Debug\main.o
                                 0x71 (size before relaxing)
 .comment       0x00000000       0x71 .\CortexM0\ARM_GCC_473\Debug\cymetadata.o
 .comment       0x00000000       0x71 .\CortexM0\ARM_GCC_473\Debug\Cm0Start.o
 .comment       0x00000000       0x71 .\CortexM0\ARM_GCC_473\Debug\Timer_PWM.a(cyfitter_cfg.o)
 .comment       0x00000000       0x71 .\CortexM0\ARM_GCC_473\Debug\Timer_PWM.a(PWM_1.o)
 .comment       0x00000000       0x71 .\CortexM0\ARM_GCC_473\Debug\Timer_PWM.a(Blue_LED.o)
 .comment       0x00000000       0x71 .\CortexM0\ARM_GCC_473\Debug\Timer_PWM.a(Red_LED.o)
 .comment       0x00000000       0x71 .\CortexM0\ARM_GCC_473\Debug\Timer_PWM.a(CyLib.o)
 .comment       0x00000000       0x71 .\CortexM0\ARM_GCC_473\Debug\Timer_PWM.a(blue_isr.o)
 .comment       0x00000000       0x71 .\CortexM0\ARM_GCC_473\Debug\Timer_PWM.a(red_isr.o)
 .comment       0x00000000       0x71 .\CortexM0\ARM_GCC_473\Debug\Timer_PWM.a(tc_isr.o)
 .comment       0x00000000       0x71 .\CortexM0\ARM_GCC_473\Debug\Timer_PWM.a(Timer_1.o)
 .comment       0x00000000       0x71 .\CortexM0\ARM_GCC_473\Debug\Timer_PWM.a(ms_isr.o)

.debug_weaknames
 *(.debug_weaknames)

.debug_funcnames
 *(.debug_funcnames)

.debug_typenames
 *(.debug_typenames)

.debug_varnames
 *(.debug_varnames)

.note.gnu.arm.ident
 *(.note.gnu.arm.ident)

.ARM.attributes
                0x00000000       0x28
 *(.ARM.attributes)
 .ARM.attributes
                0x00000000       0x1e c:/program files (x86)/cypress/psoc creator/3.0/psoc creator/import/gnu_cs/arm/4.7.3/bin/../lib/gcc/arm-none-eabi/4.7.3/armv6-m/crti.o
 .ARM.attributes
                0x0000001e       0x2c c:/program files (x86)/cypress/psoc creator/3.0/psoc creator/import/gnu_cs/arm/4.7.3/bin/../lib/gcc/arm-none-eabi/4.7.3/armv6-m/crtbegin.o
 .ARM.attributes
                0x0000004a       0x1c c:/program files (x86)/cypress/psoc creator/3.0/psoc creator/import/gnu_cs/arm/4.7.3/bin/../lib/gcc/arm-none-eabi/4.7.3/../../../../arm-none-eabi/lib/armv6-m/crt0.o
 .ARM.attributes
                0x00000066       0x31 .\CortexM0\ARM_GCC_473\Debug\main.o
 .ARM.attributes
                0x00000097       0x31 .\CortexM0\ARM_GCC_473\Debug\cymetadata.o
 .ARM.attributes
                0x000000c8       0x31 .\CortexM0\ARM_GCC_473\Debug\Cm0Start.o
 .ARM.attributes
                0x000000f9       0x31 .\CortexM0\ARM_GCC_473\Debug\Timer_PWM.a(cyfitter_cfg.o)
 .ARM.attributes
                0x0000012a       0x31 .\CortexM0\ARM_GCC_473\Debug\Timer_PWM.a(PWM_1.o)
 .ARM.attributes
                0x0000015b       0x31 .\CortexM0\ARM_GCC_473\Debug\Timer_PWM.a(Blue_LED.o)
 .ARM.attributes
                0x0000018c       0x31 .\CortexM0\ARM_GCC_473\Debug\Timer_PWM.a(Red_LED.o)
 .ARM.attributes
                0x000001bd       0x21 .\CortexM0\ARM_GCC_473\Debug\Timer_PWM.a(CyBootAsmGnu.o)
 .ARM.attributes
                0x000001de       0x31 .\CortexM0\ARM_GCC_473\Debug\Timer_PWM.a(CyLib.o)
 .ARM.attributes
                0x0000020f       0x31 .\CortexM0\ARM_GCC_473\Debug\Timer_PWM.a(blue_isr.o)
 .ARM.attributes
                0x00000240       0x31 .\CortexM0\ARM_GCC_473\Debug\Timer_PWM.a(red_isr.o)
 .ARM.attributes
                0x00000271       0x31 .\CortexM0\ARM_GCC_473\Debug\Timer_PWM.a(tc_isr.o)
 .ARM.attributes
                0x000002a2       0x31 .\CortexM0\ARM_GCC_473\Debug\Timer_PWM.a(Timer_1.o)
 .ARM.attributes
                0x000002d3       0x31 .\CortexM0\ARM_GCC_473\Debug\Timer_PWM.a(ms_isr.o)
 .ARM.attributes
                0x00000304       0x1e c:/program files (x86)/cypress/psoc creator/3.0/psoc creator/import/gnu_cs/arm/4.7.3/bin/../lib/gcc/arm-none-eabi/4.7.3/armv6-m\libgcc.a(_udivsi3.o)
 .ARM.attributes
                0x00000322       0x1e c:/program files (x86)/cypress/psoc creator/3.0/psoc creator/import/gnu_cs/arm/4.7.3/bin/../lib/gcc/arm-none-eabi/4.7.3/armv6-m\libgcc.a(_divsi3.o)
 .ARM.attributes
                0x00000340       0x1e c:/program files (x86)/cypress/psoc creator/3.0/psoc creator/import/gnu_cs/arm/4.7.3/bin/../lib/gcc/arm-none-eabi/4.7.3/armv6-m\libgcc.a(_dvmd_tls.o)
 .ARM.attributes
                0x0000035e       0x2c c:/program files (x86)/cypress/psoc creator/3.0/psoc creator/import/gnu_cs/arm/4.7.3/bin/../lib/gcc/arm-none-eabi/4.7.3/../../../../arm-none-eabi/lib/armv6-m\libc_s.a(lib_a-__atexit2.o)
 .ARM.attributes
                0x0000038a       0x2c c:/program files (x86)/cypress/psoc creator/3.0/psoc creator/import/gnu_cs/arm/4.7.3/bin/../lib/gcc/arm-none-eabi/4.7.3/../../../../arm-none-eabi/lib/armv6-m\libc_s.a(lib_a-exit.o)
 .ARM.attributes
                0x000003b6       0x2c c:/program files (x86)/cypress/psoc creator/3.0/psoc creator/import/gnu_cs/arm/4.7.3/bin/../lib/gcc/arm-none-eabi/4.7.3/../../../../arm-none-eabi/lib/armv6-m\libc_s.a(lib_a-fini.o)
 .ARM.attributes
                0x000003e2       0x2c c:/program files (x86)/cypress/psoc creator/3.0/psoc creator/import/gnu_cs/arm/4.7.3/bin/../lib/gcc/arm-none-eabi/4.7.3/../../../../arm-none-eabi/lib/armv6-m\libc_s.a(lib_a-impure.o)
 .ARM.attributes
                0x0000040e       0x2c c:/program files (x86)/cypress/psoc creator/3.0/psoc creator/import/gnu_cs/arm/4.7.3/bin/../lib/gcc/arm-none-eabi/4.7.3/../../../../arm-none-eabi/lib/armv6-m\libc_s.a(lib_a-init.o)
 .ARM.attributes
                0x0000043a       0x2c c:/program files (x86)/cypress/psoc creator/3.0/psoc creator/import/gnu_cs/arm/4.7.3/bin/../lib/gcc/arm-none-eabi/4.7.3/../../../../arm-none-eabi/lib/armv6-m\libc_s.a(lib_a-memcpy.o)
 .ARM.attributes
                0x00000466       0x2c c:/program files (x86)/cypress/psoc creator/3.0/psoc creator/import/gnu_cs/arm/4.7.3/bin/../lib/gcc/arm-none-eabi/4.7.3/../../../../arm-none-eabi/lib/armv6-m\libc_s.a(lib_a-memset.o)
 .ARM.attributes
                0x00000492       0x2c c:/program files (x86)/cypress/psoc creator/3.0/psoc creator/import/gnu_cs/arm/4.7.3/bin/../lib/gcc/arm-none-eabi/4.7.3/armv6-m/crtend.o
 .ARM.attributes
                0x000004be       0x1e c:/program files (x86)/cypress/psoc creator/3.0/psoc creator/import/gnu_cs/arm/4.7.3/bin/../lib/gcc/arm-none-eabi/4.7.3/armv6-m/crtn.o

/DISCARD/
 *(.note.GNU-stack)
OUTPUT(.\CortexM0\ARM_GCC_473\Debug\Timer_PWM.elf elf32-littlearm)
